[dc f025] CMD verify | python -m src.tools.data_curve.verify --expect-flac-sha 66901577104d0b0b49f512825eb211cdedf180e8 --expect-pkg-sha 79c5b876d3a604fb88bf78996ac95d7ca91bc3dd --pkg-dir /home/yixunhu/codespace/cylindrical-dinov3-exp13pin --kit-dir /home/yixunhu/codespace/cylindrical-dinov3/worklog/worklog_yixun/exp_14_data_curve_claude --expect-kit-sha 65570dcd982ee05c4cf3da18ae76f0de61290a4b --expect-launcher-sha256 00423f454d2f89928c1c8abe6b701187f24d029693f3e3eac5a1d7aba788b1e5 --flac-wt /home/yixunhu/codespace/exp-14-data-curve | 2026-09-16T19:08:32-04:00
PASS arm config sha FLAC_AR_exp14_cylS.json: 8df8a8117449ced6… == 8df8a8117449ced6…
PASS arm config sha FLAC_AR_exp14_vanS.json: 733ca52b66c43538… == 733ca52b66c43538…
PASS arm configs differ only in the geometry backbone: cyl-only 6 key(s) == the 6 backbone keys, van-only 0, differing values 0
PASS dataset config acousticroom_train_frac025.json: == base + json_file_path(train_frac025_s2026.json) + restrict_to_split
PASS dataset config acousticroom_train_frac050.json: == base + json_file_path(train_frac050_s2026.json) + restrict_to_split
PASS dataset config acousticroom_train_frac075.json: == base + json_file_path(train_frac075_s2026.json) + restrict_to_split
PASS split checksum file covers every artifact: train_frac_manifest_s2026.sha256 lists 4 file(s): ['train_frac025_s2026.json', 'train_frac050_s2026.json', 'train_frac075_s2026.json', 'train_frac_manifest_s2026.json']
PASS split file sha train_frac025_s2026.json: ce33f34f74b055d9… (2316730 bytes)
PASS split file sha train_frac050_s2026.json: bf33084671130a87… (4587236 bytes)
PASS split file sha train_frac075_s2026.json: 57388ce870f63d9d… (6876284 bytes)
PASS split file sha train_frac_manifest_s2026.json: 553534ea7fec8efe… (153608 bytes)
PASS manifest files map matches the split files: 3 split digest(s) agree with the files on disk
PASS manifest names its source train.json: source_train_json_sha256 aa4e52d616fc42e8… == train.json
PASS splits are subsets of train.json: 437601 retained entries, all in train.json (291210 entries)
PASS splits are nested: 025 ⊆ 050 ⊆ 075 holds entry-wise
PASS full split has no dead targets: 0 of 291210 train.json targets unreachable, 972 with < 8 reachable contexts (eligibility: sampler_faithful_S00int_v1)
PASS no starved targets: 0 targets with an empty context pool in 025/050/075
PASS split sizes match the manifest: 025=73473, 050=145665, 075=218463 over 243 rooms
PASS eligible-context histograms match the manifest: 025 [0/1-7/>=8]=0/16890/56583; 050 [0/1-7/>=8]=0/14303/131362; 075 [0/1-7/>=8]=0/17430/201033
PASS pinned file data/AR/train.json: aa4e52d616fc42e8… (11787400 bytes)
PASS pinned file data/AR/unseen_eval.json: 9a9d817abc3e19f4… (248114 bytes)
PASS pinned file weights/FLAC/VAE.safetensors: 8d82159eec352101… (56726404 bytes)
PASS receiver-level anchor audit: 243 rooms, 291210 listed files, 8488 training receivers, 5124 extra on-disk files, 0 at a training receiver
PASS FLAC worktree HEAD: 66901577104d0b0b49f512825eb211cdedf180e8 (/home/yixunhu/codespace/exp-14-data-curve, tracked tree clean; untracked allowed)
PASS package HEAD: 79c5b876d3a604fb88bf78996ac95d7ca91bc3dd (/home/yixunhu/codespace/cylindrical-dinov3-exp13pin, tracked tree clean; untracked allowed)
PASS kit HEAD: 65570dcd982ee05c4cf3da18ae76f0de61290a4b (/home/yixunhu/codespace/cylindrical-dinov3/worklog/worklog_yixun/exp_14_data_curve_claude, tracked tree under ['scripts', 'configs'] clean; untracked allowed)
PASS kit launcher: /home/yixunhu/codespace/cylindrical-dinov3/worklog/worklog_yixun/exp_14_data_curve_claude/scripts/exp14_launch.sh == the executing script (00423f454d2f89928c1c8abe6b701187f24d029693f3e3eac5a1d7aba788b1e5)
27/27 checks PASSED
[dc f025] CMD mkdir:dc_cyl_f025 | mkdir -p /media/diskstation/yixunhu/FLAC/checkpoints/exp14_data_curve/dc_cyl_f025 | 2026-09-16T19:08:46-04:00
[dc f025] CMD contract:dc_cyl_f025 | python -m src.training.run_contract make-contract --run-dir /media/diskstation/yixunhu/FLAC/checkpoints/exp14_data_curve/dc_cyl_f025 --run-id dc_cyl_f025 --fraction 0.25 --dataset-config src/configs/dataset_configs/AR/train/acousticroom_train_frac025.json --split-json data/AR/train_frac025_s2026.json --model-config /home/yixunhu/codespace/cylindrical-dinov3/worklog/worklog_yixun/exp_14_data_curve_claude/configs/FLAC_AR_exp14_cylS.json --seed 42 --micro-batch 32 --num-gpus 2 --accum-batches 1 --sync-batchnorm true --flac-sha 66901577104d0b0b49f512825eb211cdedf180e8 --package-sha 79c5b876d3a604fb88bf78996ac95d7ca91bc3dd | 2026-09-16T19:08:46-04:00
/home/yixunhu/miniconda3/envs/flac/lib/python3.10/site-packages/lightning_fabric/__init__.py:40: pkg_resources is deprecated as an API. See https://setuptools.pypa.io/en/latest/pkg_resources.html. The pkg_resources package is slated for removal as early as 2025-11-30. Refrain from using this package or pin to Setuptools<81.
run contract for dc_cyl_f025 launched at 2026-09-16T23:08:50+00:00
/media/diskstation/yixunhu/FLAC/checkpoints/exp14_data_curve/dc_cyl_f025/run_contract.json
[dc f025] dc_cyl_f025: preflight OK — fresh start | 2026-09-16T19:08:51-04:00
[dc f025] CMD mkdir:dc_van_f025 | mkdir -p /media/diskstation/yixunhu/FLAC/checkpoints/exp14_data_curve/dc_van_f025 | 2026-09-16T19:08:51-04:00
[dc f025] CMD contract:dc_van_f025 | python -m src.training.run_contract make-contract --run-dir /media/diskstation/yixunhu/FLAC/checkpoints/exp14_data_curve/dc_van_f025 --run-id dc_van_f025 --fraction 0.25 --dataset-config src/configs/dataset_configs/AR/train/acousticroom_train_frac025.json --split-json data/AR/train_frac025_s2026.json --model-config /home/yixunhu/codespace/cylindrical-dinov3/worklog/worklog_yixun/exp_14_data_curve_claude/configs/FLAC_AR_exp14_vanS.json --seed 42 --micro-batch 32 --num-gpus 2 --accum-batches 1 --sync-batchnorm true --flac-sha 66901577104d0b0b49f512825eb211cdedf180e8 --package-sha 79c5b876d3a604fb88bf78996ac95d7ca91bc3dd | 2026-09-16T19:08:51-04:00
/home/yixunhu/miniconda3/envs/flac/lib/python3.10/site-packages/lightning_fabric/__init__.py:40: pkg_resources is deprecated as an API. See https://setuptools.pypa.io/en/latest/pkg_resources.html. The pkg_resources package is slated for removal as early as 2025-11-30. Refrain from using this package or pin to Setuptools<81.
run contract for dc_van_f025 launched at 2026-09-16T23:08:55+00:00
/media/diskstation/yixunhu/FLAC/checkpoints/exp14_data_curve/dc_van_f025/run_contract.json
[dc f025] dc_van_f025: preflight OK — fresh start | 2026-09-16T19:08:55-04:00
[dc f025] preflight complete: cyl=fresh van=fresh — starting training now | 2026-09-16T19:08:55-04:00
[dc f025] ARGV train:dc_cyl_f025 | python train.py --model-config /home/yixunhu/codespace/cylindrical-dinov3/worklog/worklog_yixun/exp_14_data_curve_claude/configs/FLAC_AR_exp14_cylS.json --dataset-config src/configs/dataset_configs/AR/train/acousticroom_train_frac025.json --pretransform-ckpt-path weights/FLAC/VAE.safetensors --max-steps 40000 --batch-size 32 --accum-batches 1 --num-workers 6 --seed 42 --num-gpus 2 --strategy ddp_find_unused_parameters_true --sync-batchnorm true --logger none --checkpoint-every 2500 --name dc_cyl_f025 --experiment-name dc_cyl_f025 --save-dir /media/diskstation/yixunhu/FLAC/checkpoints/exp14_data_curve/dc_cyl_f025 --run-contract-json /media/diskstation/yixunhu/FLAC/checkpoints/exp14_data_curve/dc_cyl_f025/run_contract.json | 2026-09-16T19:08:56-04:00
[dc f025] PID dc_cyl_f025 | 1836861 | 2026-09-16T19:08:56-04:00
[dc f025] RECORD dc_cyl_f025 | /home/yixunhu/codespace/exp-14-data-curve/worklog/worklog_yixun/exp_14_data_curve/at_launch_dc_cyl_f025_20260916T190832-1836418.txt | 2026-09-16T19:08:56-04:00
[dc f025] CMD record-copy:dc_cyl_f025 | cp /home/yixunhu/codespace/exp-14-data-curve/worklog/worklog_yixun/exp_14_data_curve/at_launch_dc_cyl_f025_20260916T190832-1836418.txt /media/diskstation/yixunhu/FLAC/checkpoints/exp14_data_curve/dc_cyl_f025/at_launch_dc_cyl_f025_20260916T190832-1836418.txt | 2026-09-16T19:08:56-04:00
[dc f025] ARGV train:dc_van_f025 | python train.py --model-config /home/yixunhu/codespace/cylindrical-dinov3/worklog/worklog_yixun/exp_14_data_curve_claude/configs/FLAC_AR_exp14_vanS.json --dataset-config src/configs/dataset_configs/AR/train/acousticroom_train_frac025.json --pretransform-ckpt-path weights/FLAC/VAE.safetensors --max-steps 40000 --batch-size 32 --accum-batches 1 --num-workers 6 --seed 42 --num-gpus 2 --strategy ddp_find_unused_parameters_true --sync-batchnorm true --logger none --checkpoint-every 2500 --name dc_van_f025 --experiment-name dc_van_f025 --save-dir /media/diskstation/yixunhu/FLAC/checkpoints/exp14_data_curve/dc_van_f025 --run-contract-json /media/diskstation/yixunhu/FLAC/checkpoints/exp14_data_curve/dc_van_f025/run_contract.json | 2026-09-16T19:08:56-04:00
[dc f025] PID dc_van_f025 | 1836892 | 2026-09-16T19:08:56-04:00
[dc f025] RECORD dc_van_f025 | /home/yixunhu/codespace/exp-14-data-curve/worklog/worklog_yixun/exp_14_data_curve/at_launch_dc_van_f025_20260916T190832-1836418.txt | 2026-09-16T19:08:56-04:00
[dc f025] CMD record-copy:dc_van_f025 | cp /home/yixunhu/codespace/exp-14-data-curve/worklog/worklog_yixun/exp_14_data_curve/at_launch_dc_van_f025_20260916T190832-1836418.txt /media/diskstation/yixunhu/FLAC/checkpoints/exp14_data_curve/dc_van_f025/at_launch_dc_van_f025_20260916T190832-1836418.txt | 2026-09-16T19:08:56-04:00
[dc f025] dc_cyl_f025: training pid 1836861 is gone | 2026-09-18T22:02:59-04:00
[dc f025] dc_van_f025: training pid 1836892 is gone | 2026-09-18T22:02:59-04:00
[dc f025] CMD validate:dc_cyl_f025 | python -m src.training.run_contract validate --ckpt /media/diskstation/yixunhu/FLAC/checkpoints/exp14_data_curve/dc_cyl_f025/epoch=34-step=40000.ckpt --contract /media/diskstation/yixunhu/FLAC/checkpoints/exp14_data_curve/dc_cyl_f025/run_contract.json --model-config /home/yixunhu/codespace/cylindrical-dinov3/worklog/worklog_yixun/exp_14_data_curve_claude/configs/FLAC_AR_exp14_cylS.json --expect-step 40000 | 2026-09-18T22:03:59-04:00
/home/yixunhu/miniconda3/envs/flac/lib/python3.10/site-packages/lightning_fabric/__init__.py:40: pkg_resources is deprecated as an API. See https://setuptools.pypa.io/en/latest/pkg_resources.html. The pkg_resources package is slated for removal as early as 2025-11-30. Refrain from using this package or pin to Setuptools<81.
OK /media/diskstation/yixunhu/FLAC/checkpoints/exp14_data_curve/dc_cyl_f025/epoch=34-step=40000.ckpt: run_id=dc_cyl_f025 step=40000
[dc f025] dc_cyl_f025: final checkpoint validated | /media/diskstation/yixunhu/FLAC/checkpoints/exp14_data_curve/dc_cyl_f025/epoch=34-step=40000.ckpt | 2026-09-18T22:04:10-04:00
[dc f025] CMD validate:dc_van_f025 | python -m src.training.run_contract validate --ckpt /media/diskstation/yixunhu/FLAC/checkpoints/exp14_data_curve/dc_van_f025/epoch=34-step=40000.ckpt --contract /media/diskstation/yixunhu/FLAC/checkpoints/exp14_data_curve/dc_van_f025/run_contract.json --model-config /home/yixunhu/codespace/cylindrical-dinov3/worklog/worklog_yixun/exp_14_data_curve_claude/configs/FLAC_AR_exp14_vanS.json --expect-step 40000 | 2026-09-18T22:05:10-04:00
/home/yixunhu/miniconda3/envs/flac/lib/python3.10/site-packages/lightning_fabric/__init__.py:40: pkg_resources is deprecated as an API. See https://setuptools.pypa.io/en/latest/pkg_resources.html. The pkg_resources package is slated for removal as early as 2025-11-30. Refrain from using this package or pin to Setuptools<81.
OK /media/diskstation/yixunhu/FLAC/checkpoints/exp14_data_curve/dc_van_f025/epoch=34-step=40000.ckpt: run_id=dc_van_f025 step=40000
[dc f025] dc_van_f025: final checkpoint validated | /media/diskstation/yixunhu/FLAC/checkpoints/exp14_data_curve/dc_van_f025/epoch=34-step=40000.ckpt | 2026-09-18T22:05:21-04:00
[dc f025] SHA256 dc_cyl_f025 | /media/diskstation/yixunhu/FLAC/checkpoints/exp14_data_curve/dc_cyl_f025/epoch=34-step=40000.ckpt | acb016b7009123b2ccdc225e231f44634f6051cb0c384ef3722722e272849fb7 | 2026-09-18T22:05:27-04:00
[dc f025] SHA256 dc_van_f025 | /media/diskstation/yixunhu/FLAC/checkpoints/exp14_data_curve/dc_van_f025/epoch=34-step=40000.ckpt | aa1a2cd624333a18eb2f9f019f6b46beaf2d94c1b2d7dc455f238ad0cec9433c | 2026-09-18T22:05:33-04:00
[dc f025] eval lanes | K=1 pid 2980067 on GPU 0 | K=8 pid 2980068 on GPU 1 | 2026-09-18T22:05:33-04:00
[dc f025] ARGV eval:dc_cyl_f025_K1_s42 | python eval_FLAC.py --model-config /home/yixunhu/codespace/cylindrical-dinov3/worklog/worklog_yixun/exp_14_data_curve_claude/configs/FLAC_AR_exp14_cylS.json --dataset-config src/configs/dataset_configs/AR/eval/acousticroom_unseeneval_1.json --ckpt-path /media/diskstation/yixunhu/FLAC/checkpoints/exp14_data_curve/dc_cyl_f025/epoch=34-step=40000.ckpt --cond-method fa_invariant --frame-avg-angles 0 --rotate-deg 0 --cond-autocast bf16 --seed 42 --steps 1 --cfg-scale 1.0 --eval-name dc_cyl_f025_K1_s42 --expect-ckpt-sha256 acb016b7009123b2ccdc225e231f44634f6051cb0c384ef3722722e272849fb7 --store_predictions | 2026-09-18T22:05:36-04:00
[dc f025] ARGV eval:dc_cyl_f025_K8_s42 | python eval_FLAC.py --model-config /home/yixunhu/codespace/cylindrical-dinov3/worklog/worklog_yixun/exp_14_data_curve_claude/configs/FLAC_AR_exp14_cylS.json --dataset-config src/configs/dataset_configs/AR/eval/acousticroom_unseeneval.json --ckpt-path /media/diskstation/yixunhu/FLAC/checkpoints/exp14_data_curve/dc_cyl_f025/epoch=34-step=40000.ckpt --cond-method fa_invariant --frame-avg-angles 0 --rotate-deg 0 --cond-autocast bf16 --seed 42 --steps 1 --cfg-scale 1.0 --eval-name dc_cyl_f025_K8_s42 --expect-ckpt-sha256 acb016b7009123b2ccdc225e231f44634f6051cb0c384ef3722722e272849fb7 --store_predictions | 2026-09-18T22:05:36-04:00
[dc f025] cell dc_cyl_f025_K1_s42: done | 2026-09-18T22:12:40-04:00
[dc f025] ARGV eval:dc_van_f025_K1_s42 | python eval_FLAC.py --model-config /home/yixunhu/codespace/cylindrical-dinov3/worklog/worklog_yixun/exp_14_data_curve_claude/configs/FLAC_AR_exp14_vanS.json --dataset-config src/configs/dataset_configs/AR/eval/acousticroom_unseeneval_1.json --ckpt-path /media/diskstation/yixunhu/FLAC/checkpoints/exp14_data_curve/dc_van_f025/epoch=34-step=40000.ckpt --cond-method vanilla --frame-avg-angles 0 --rotate-deg 0 --cond-autocast bf16 --seed 42 --steps 1 --cfg-scale 1.0 --eval-name dc_van_f025_K1_s42 --expect-ckpt-sha256 aa1a2cd624333a18eb2f9f019f6b46beaf2d94c1b2d7dc455f238ad0cec9433c --store_predictions | 2026-09-18T22:12:43-04:00
[dc f025] cell dc_cyl_f025_K8_s42: done | 2026-09-18T22:14:08-04:00
[dc f025] ARGV eval:dc_van_f025_K8_s42 | python eval_FLAC.py --model-config /home/yixunhu/codespace/cylindrical-dinov3/worklog/worklog_yixun/exp_14_data_curve_claude/configs/FLAC_AR_exp14_vanS.json --dataset-config src/configs/dataset_configs/AR/eval/acousticroom_unseeneval.json --ckpt-path /media/diskstation/yixunhu/FLAC/checkpoints/exp14_data_curve/dc_van_f025/epoch=34-step=40000.ckpt --cond-method vanilla --frame-avg-angles 0 --rotate-deg 0 --cond-autocast bf16 --seed 42 --steps 1 --cfg-scale 1.0 --eval-name dc_van_f025_K8_s42 --expect-ckpt-sha256 aa1a2cd624333a18eb2f9f019f6b46beaf2d94c1b2d7dc455f238ad0cec9433c --store_predictions | 2026-09-18T22:14:11-04:00
[dc f025] cell dc_van_f025_K1_s42: done | 2026-09-18T22:19:36-04:00
[dc f025] ARGV eval:dc_cyl_f025_K1_s43 | python eval_FLAC.py --model-config /home/yixunhu/codespace/cylindrical-dinov3/worklog/worklog_yixun/exp_14_data_curve_claude/configs/FLAC_AR_exp14_cylS.json --dataset-config src/configs/dataset_configs/AR/eval/acousticroom_unseeneval_1.json --ckpt-path /media/diskstation/yixunhu/FLAC/checkpoints/exp14_data_curve/dc_cyl_f025/epoch=34-step=40000.ckpt --cond-method fa_invariant --frame-avg-angles 0 --rotate-deg 0 --cond-autocast bf16 --seed 43 --steps 1 --cfg-scale 1.0 --eval-name dc_cyl_f025_K1_s43 --expect-ckpt-sha256 acb016b7009123b2ccdc225e231f44634f6051cb0c384ef3722722e272849fb7 --store_predictions | 2026-09-18T22:19:39-04:00
[dc f025] cell dc_van_f025_K8_s42: done | 2026-09-18T22:22:04-04:00
[dc f025] ARGV eval:dc_cyl_f025_K8_s43 | python eval_FLAC.py --model-config /home/yixunhu/codespace/cylindrical-dinov3/worklog/worklog_yixun/exp_14_data_curve_claude/configs/FLAC_AR_exp14_cylS.json --dataset-config src/configs/dataset_configs/AR/eval/acousticroom_unseeneval.json --ckpt-path /media/diskstation/yixunhu/FLAC/checkpoints/exp14_data_curve/dc_cyl_f025/epoch=34-step=40000.ckpt --cond-method fa_invariant --frame-avg-angles 0 --rotate-deg 0 --cond-autocast bf16 --seed 43 --steps 1 --cfg-scale 1.0 --eval-name dc_cyl_f025_K8_s43 --expect-ckpt-sha256 acb016b7009123b2ccdc225e231f44634f6051cb0c384ef3722722e272849fb7 --store_predictions | 2026-09-18T22:22:07-04:00
[dc f025] cell dc_cyl_f025_K1_s43: done | 2026-09-18T22:26:41-04:00
[dc f025] ARGV eval:dc_van_f025_K1_s43 | python eval_FLAC.py --model-config /home/yixunhu/codespace/cylindrical-dinov3/worklog/worklog_yixun/exp_14_data_curve_claude/configs/FLAC_AR_exp14_vanS.json --dataset-config src/configs/dataset_configs/AR/eval/acousticroom_unseeneval_1.json --ckpt-path /media/diskstation/yixunhu/FLAC/checkpoints/exp14_data_curve/dc_van_f025/epoch=34-step=40000.ckpt --cond-method vanilla --frame-avg-angles 0 --rotate-deg 0 --cond-autocast bf16 --seed 43 --steps 1 --cfg-scale 1.0 --eval-name dc_van_f025_K1_s43 --expect-ckpt-sha256 aa1a2cd624333a18eb2f9f019f6b46beaf2d94c1b2d7dc455f238ad0cec9433c --store_predictions | 2026-09-18T22:26:43-04:00
[dc f025] cell dc_cyl_f025_K8_s43: done | 2026-09-18T22:30:43-04:00
[dc f025] ARGV eval:dc_van_f025_K8_s43 | python eval_FLAC.py --model-config /home/yixunhu/codespace/cylindrical-dinov3/worklog/worklog_yixun/exp_14_data_curve_claude/configs/FLAC_AR_exp14_vanS.json --dataset-config src/configs/dataset_configs/AR/eval/acousticroom_unseeneval.json --ckpt-path /media/diskstation/yixunhu/FLAC/checkpoints/exp14_data_curve/dc_van_f025/epoch=34-step=40000.ckpt --cond-method vanilla --frame-avg-angles 0 --rotate-deg 0 --cond-autocast bf16 --seed 43 --steps 1 --cfg-scale 1.0 --eval-name dc_van_f025_K8_s43 --expect-ckpt-sha256 aa1a2cd624333a18eb2f9f019f6b46beaf2d94c1b2d7dc455f238ad0cec9433c --store_predictions | 2026-09-18T22:30:45-04:00
[dc f025] cell dc_van_f025_K1_s43: done | 2026-09-18T22:33:40-04:00
[dc f025] ARGV eval:dc_cyl_f025_K1_s44 | python eval_FLAC.py --model-config /home/yixunhu/codespace/cylindrical-dinov3/worklog/worklog_yixun/exp_14_data_curve_claude/configs/FLAC_AR_exp14_cylS.json --dataset-config src/configs/dataset_configs/AR/eval/acousticroom_unseeneval_1.json --ckpt-path /media/diskstation/yixunhu/FLAC/checkpoints/exp14_data_curve/dc_cyl_f025/epoch=34-step=40000.ckpt --cond-method fa_invariant --frame-avg-angles 0 --rotate-deg 0 --cond-autocast bf16 --seed 44 --steps 1 --cfg-scale 1.0 --eval-name dc_cyl_f025_K1_s44 --expect-ckpt-sha256 acb016b7009123b2ccdc225e231f44634f6051cb0c384ef3722722e272849fb7 --store_predictions | 2026-09-18T22:33:43-04:00
[dc f025] cell dc_van_f025_K8_s43: done | 2026-09-18T22:38:31-04:00
[dc f025] ARGV eval:dc_cyl_f025_K8_s44 | python eval_FLAC.py --model-config /home/yixunhu/codespace/cylindrical-dinov3/worklog/worklog_yixun/exp_14_data_curve_claude/configs/FLAC_AR_exp14_cylS.json --dataset-config src/configs/dataset_configs/AR/eval/acousticroom_unseeneval.json --ckpt-path /media/diskstation/yixunhu/FLAC/checkpoints/exp14_data_curve/dc_cyl_f025/epoch=34-step=40000.ckpt --cond-method fa_invariant --frame-avg-angles 0 --rotate-deg 0 --cond-autocast bf16 --seed 44 --steps 1 --cfg-scale 1.0 --eval-name dc_cyl_f025_K8_s44 --expect-ckpt-sha256 acb016b7009123b2ccdc225e231f44634f6051cb0c384ef3722722e272849fb7 --store_predictions | 2026-09-18T22:38:34-04:00
[dc f025] cell dc_cyl_f025_K1_s44: done | 2026-09-18T22:40:43-04:00
[dc f025] ARGV eval:dc_van_f025_K1_s44 | python eval_FLAC.py --model-config /home/yixunhu/codespace/cylindrical-dinov3/worklog/worklog_yixun/exp_14_data_curve_claude/configs/FLAC_AR_exp14_vanS.json --dataset-config src/configs/dataset_configs/AR/eval/acousticroom_unseeneval_1.json --ckpt-path /media/diskstation/yixunhu/FLAC/checkpoints/exp14_data_curve/dc_van_f025/epoch=34-step=40000.ckpt --cond-method vanilla --frame-avg-angles 0 --rotate-deg 0 --cond-autocast bf16 --seed 44 --steps 1 --cfg-scale 1.0 --eval-name dc_van_f025_K1_s44 --expect-ckpt-sha256 aa1a2cd624333a18eb2f9f019f6b46beaf2d94c1b2d7dc455f238ad0cec9433c --store_predictions | 2026-09-18T22:40:46-04:00
[dc f025] cell dc_cyl_f025_K8_s44: done | 2026-09-18T22:47:06-04:00
[dc f025] ARGV eval:dc_van_f025_K8_s44 | python eval_FLAC.py --model-config /home/yixunhu/codespace/cylindrical-dinov3/worklog/worklog_yixun/exp_14_data_curve_claude/configs/FLAC_AR_exp14_vanS.json --dataset-config src/configs/dataset_configs/AR/eval/acousticroom_unseeneval.json --ckpt-path /media/diskstation/yixunhu/FLAC/checkpoints/exp14_data_curve/dc_van_f025/epoch=34-step=40000.ckpt --cond-method vanilla --frame-avg-angles 0 --rotate-deg 0 --cond-autocast bf16 --seed 44 --steps 1 --cfg-scale 1.0 --eval-name dc_van_f025_K8_s44 --expect-ckpt-sha256 aa1a2cd624333a18eb2f9f019f6b46beaf2d94c1b2d7dc455f238ad0cec9433c --store_predictions | 2026-09-18T22:47:09-04:00
[dc f025] cell dc_van_f025_K1_s44: done | 2026-09-18T22:47:39-04:00
[dc f025] ARGV eval:dc_cyl_f025_K1_s45 | python eval_FLAC.py --model-config /home/yixunhu/codespace/cylindrical-dinov3/worklog/worklog_yixun/exp_14_data_curve_claude/configs/FLAC_AR_exp14_cylS.json --dataset-config src/configs/dataset_configs/AR/eval/acousticroom_unseeneval_1.json --ckpt-path /media/diskstation/yixunhu/FLAC/checkpoints/exp14_data_curve/dc_cyl_f025/epoch=34-step=40000.ckpt --cond-method fa_invariant --frame-avg-angles 0 --rotate-deg 0 --cond-autocast bf16 --seed 45 --steps 1 --cfg-scale 1.0 --eval-name dc_cyl_f025_K1_s45 --expect-ckpt-sha256 acb016b7009123b2ccdc225e231f44634f6051cb0c384ef3722722e272849fb7 --store_predictions | 2026-09-18T22:47:42-04:00
[dc f025] cell dc_cyl_f025_K1_s45: done | 2026-09-18T22:54:47-04:00
[dc f025] ARGV eval:dc_van_f025_K1_s45 | python eval_FLAC.py --model-config /home/yixunhu/codespace/cylindrical-dinov3/worklog/worklog_yixun/exp_14_data_curve_claude/configs/FLAC_AR_exp14_vanS.json --dataset-config src/configs/dataset_configs/AR/eval/acousticroom_unseeneval_1.json --ckpt-path /media/diskstation/yixunhu/FLAC/checkpoints/exp14_data_curve/dc_van_f025/epoch=34-step=40000.ckpt --cond-method vanilla --frame-avg-angles 0 --rotate-deg 0 --cond-autocast bf16 --seed 45 --steps 1 --cfg-scale 1.0 --eval-name dc_van_f025_K1_s45 --expect-ckpt-sha256 aa1a2cd624333a18eb2f9f019f6b46beaf2d94c1b2d7dc455f238ad0cec9433c --store_predictions | 2026-09-18T22:54:50-04:00
[dc f025] cell dc_van_f025_K8_s44: done | 2026-09-18T22:55:03-04:00
[dc f025] ARGV eval:dc_cyl_f025_K8_s45 | python eval_FLAC.py --model-config /home/yixunhu/codespace/cylindrical-dinov3/worklog/worklog_yixun/exp_14_data_curve_claude/configs/FLAC_AR_exp14_cylS.json --dataset-config src/configs/dataset_configs/AR/eval/acousticroom_unseeneval.json --ckpt-path /media/diskstation/yixunhu/FLAC/checkpoints/exp14_data_curve/dc_cyl_f025/epoch=34-step=40000.ckpt --cond-method fa_invariant --frame-avg-angles 0 --rotate-deg 0 --cond-autocast bf16 --seed 45 --steps 1 --cfg-scale 1.0 --eval-name dc_cyl_f025_K8_s45 --expect-ckpt-sha256 acb016b7009123b2ccdc225e231f44634f6051cb0c384ef3722722e272849fb7 --store_predictions | 2026-09-18T22:55:06-04:00
[dc f025] cell dc_van_f025_K1_s45: done | 2026-09-18T23:01:45-04:00
[dc f025] ARGV eval:dc_cyl_f025_K1_s46 | python eval_FLAC.py --model-config /home/yixunhu/codespace/cylindrical-dinov3/worklog/worklog_yixun/exp_14_data_curve_claude/configs/FLAC_AR_exp14_cylS.json --dataset-config src/configs/dataset_configs/AR/eval/acousticroom_unseeneval_1.json --ckpt-path /media/diskstation/yixunhu/FLAC/checkpoints/exp14_data_curve/dc_cyl_f025/epoch=34-step=40000.ckpt --cond-method fa_invariant --frame-avg-angles 0 --rotate-deg 0 --cond-autocast bf16 --seed 46 --steps 1 --cfg-scale 1.0 --eval-name dc_cyl_f025_K1_s46 --expect-ckpt-sha256 acb016b7009123b2ccdc225e231f44634f6051cb0c384ef3722722e272849fb7 --store_predictions | 2026-09-18T23:01:47-04:00
[dc f025] cell dc_cyl_f025_K8_s45: done | 2026-09-18T23:03:36-04:00
[dc f025] ARGV eval:dc_van_f025_K8_s45 | python eval_FLAC.py --model-config /home/yixunhu/codespace/cylindrical-dinov3/worklog/worklog_yixun/exp_14_data_curve_claude/configs/FLAC_AR_exp14_vanS.json --dataset-config src/configs/dataset_configs/AR/eval/acousticroom_unseeneval.json --ckpt-path /media/diskstation/yixunhu/FLAC/checkpoints/exp14_data_curve/dc_van_f025/epoch=34-step=40000.ckpt --cond-method vanilla --frame-avg-angles 0 --rotate-deg 0 --cond-autocast bf16 --seed 45 --steps 1 --cfg-scale 1.0 --eval-name dc_van_f025_K8_s45 --expect-ckpt-sha256 aa1a2cd624333a18eb2f9f019f6b46beaf2d94c1b2d7dc455f238ad0cec9433c --store_predictions | 2026-09-18T23:03:38-04:00
[dc f025] cell dc_cyl_f025_K1_s46: done | 2026-09-18T23:08:51-04:00
[dc f025] ARGV eval:dc_van_f025_K1_s46 | python eval_FLAC.py --model-config /home/yixunhu/codespace/cylindrical-dinov3/worklog/worklog_yixun/exp_14_data_curve_claude/configs/FLAC_AR_exp14_vanS.json --dataset-config src/configs/dataset_configs/AR/eval/acousticroom_unseeneval_1.json --ckpt-path /media/diskstation/yixunhu/FLAC/checkpoints/exp14_data_curve/dc_van_f025/epoch=34-step=40000.ckpt --cond-method vanilla --frame-avg-angles 0 --rotate-deg 0 --cond-autocast bf16 --seed 46 --steps 1 --cfg-scale 1.0 --eval-name dc_van_f025_K1_s46 --expect-ckpt-sha256 aa1a2cd624333a18eb2f9f019f6b46beaf2d94c1b2d7dc455f238ad0cec9433c --store_predictions | 2026-09-18T23:08:54-04:00
[dc f025] cell dc_van_f025_K8_s45: done | 2026-09-18T23:11:28-04:00
[dc f025] ARGV eval:dc_cyl_f025_K8_s46 | python eval_FLAC.py --model-config /home/yixunhu/codespace/cylindrical-dinov3/worklog/worklog_yixun/exp_14_data_curve_claude/configs/FLAC_AR_exp14_cylS.json --dataset-config src/configs/dataset_configs/AR/eval/acousticroom_unseeneval.json --ckpt-path /media/diskstation/yixunhu/FLAC/checkpoints/exp14_data_curve/dc_cyl_f025/epoch=34-step=40000.ckpt --cond-method fa_invariant --frame-avg-angles 0 --rotate-deg 0 --cond-autocast bf16 --seed 46 --steps 1 --cfg-scale 1.0 --eval-name dc_cyl_f025_K8_s46 --expect-ckpt-sha256 acb016b7009123b2ccdc225e231f44634f6051cb0c384ef3722722e272849fb7 --store_predictions | 2026-09-18T23:11:31-04:00
[dc f025] cell dc_van_f025_K1_s46: done | 2026-09-18T23:15:45-04:00
[dc f025] cell dc_cyl_f025_K8_s46: done | 2026-09-18T23:19:59-04:00
[dc f025] ARGV eval:dc_van_f025_K8_s46 | python eval_FLAC.py --model-config /home/yixunhu/codespace/cylindrical-dinov3/worklog/worklog_yixun/exp_14_data_curve_claude/configs/FLAC_AR_exp14_vanS.json --dataset-config src/configs/dataset_configs/AR/eval/acousticroom_unseeneval.json --ckpt-path /media/diskstation/yixunhu/FLAC/checkpoints/exp14_data_curve/dc_van_f025/epoch=34-step=40000.ckpt --cond-method vanilla --frame-avg-angles 0 --rotate-deg 0 --cond-autocast bf16 --seed 46 --steps 1 --cfg-scale 1.0 --eval-name dc_van_f025_K8_s46 --expect-ckpt-sha256 aa1a2cd624333a18eb2f9f019f6b46beaf2d94c1b2d7dc455f238ad0cec9433c --store_predictions | 2026-09-18T23:20:02-04:00
[dc f025] cell dc_van_f025_K8_s46: done | 2026-09-18T23:27:37-04:00
[dc f025] final enumeration: 20/20 planned cells validated | 2026-09-18T23:32:13-04:00
[dc f025] summary: /home/yixunhu/codespace/exp-14-data-curve/worklog/worklog_yixun/exp_14_data_curve/data_curve_launch_summary_f025_20260916T190832-1836418.json | 2026-09-18T23:32:13-04:00
[dc f025] PAIR f025 COMPLETE — dc_cyl_f025 + dc_van_f025 trained, validated and evaluated | 2026-09-18T23:32:13-04:00
