[dc f075] CMD verify | python -m src.tools.data_curve.verify --expect-flac-sha 6a4b8b08ce10527d538dc72965f1102b8c98861e --expect-pkg-sha 79c5b876d3a604fb88bf78996ac95d7ca91bc3dd --pkg-dir /home/yixunhu/codespace/cylindrical-dinov3-exp13pin --kit-dir /home/yixunhu/codespace/cylindrical-dinov3/worklog/worklog_yixun/exp_14_data_curve_claude --expect-kit-sha 7cd511e6aec4ad6bc47bfe033c52861ba9994968 --expect-launcher-sha256 00423f454d2f89928c1c8abe6b701187f24d029693f3e3eac5a1d7aba788b1e5 --flac-wt /home/yixunhu/codespace/exp-14-data-curve | 2026-09-21T04:07:24-04:00
PASS arm config sha FLAC_AR_exp14_cylS.json: 8df8a8117449ced6… == 8df8a8117449ced6…
PASS arm config sha FLAC_AR_exp14_vanS.json: 733ca52b66c43538… == 733ca52b66c43538…
PASS arm configs differ only in the geometry backbone: cyl-only 6 key(s) == the 6 backbone keys, van-only 0, differing values 0
PASS dataset config acousticroom_train_frac025.json: == base + json_file_path(train_frac025_s2026.json) + restrict_to_split
PASS dataset config acousticroom_train_frac050.json: == base + json_file_path(train_frac050_s2026.json) + restrict_to_split
PASS dataset config acousticroom_train_frac075.json: == base + json_file_path(train_frac075_s2026.json) + restrict_to_split
PASS split checksum file covers every artifact: train_frac_manifest_s2026.sha256 lists 4 file(s): ['train_frac025_s2026.json', 'train_frac050_s2026.json', 'train_frac075_s2026.json', 'train_frac_manifest_s2026.json']
PASS split file sha train_frac025_s2026.json: ce33f34f74b055d9… (2316730 bytes)
PASS split file sha train_frac050_s2026.json: bf33084671130a87… (4587236 bytes)
PASS split file sha train_frac075_s2026.json: 57388ce870f63d9d… (6876284 bytes)
PASS split file sha train_frac_manifest_s2026.json: 553534ea7fec8efe… (153608 bytes)
PASS manifest files map matches the split files: 3 split digest(s) agree with the files on disk
PASS manifest names its source train.json: source_train_json_sha256 aa4e52d616fc42e8… == train.json
PASS splits are subsets of train.json: 437601 retained entries, all in train.json (291210 entries)
PASS splits are nested: 025 ⊆ 050 ⊆ 075 holds entry-wise
PASS full split has no dead targets: 0 of 291210 train.json targets unreachable, 972 with < 8 reachable contexts (eligibility: sampler_faithful_S00int_v1)
PASS no starved targets: 0 targets with an empty context pool in 025/050/075
PASS split sizes match the manifest: 025=73473, 050=145665, 075=218463 over 243 rooms
PASS eligible-context histograms match the manifest: 025 [0/1-7/>=8]=0/16890/56583; 050 [0/1-7/>=8]=0/14303/131362; 075 [0/1-7/>=8]=0/17430/201033
PASS pinned file data/AR/train.json: aa4e52d616fc42e8… (11787400 bytes)
PASS pinned file data/AR/unseen_eval.json: 9a9d817abc3e19f4… (248114 bytes)
PASS pinned file weights/FLAC/VAE.safetensors: 8d82159eec352101… (56726404 bytes)
PASS receiver-level anchor audit: 243 rooms, 291210 listed files, 8488 training receivers, 5124 extra on-disk files, 0 at a training receiver
PASS FLAC worktree HEAD: 6a4b8b08ce10527d538dc72965f1102b8c98861e (/home/yixunhu/codespace/exp-14-data-curve, tracked tree clean; untracked allowed)
PASS package HEAD: 79c5b876d3a604fb88bf78996ac95d7ca91bc3dd (/home/yixunhu/codespace/cylindrical-dinov3-exp13pin, tracked tree clean; untracked allowed)
PASS kit HEAD: 7cd511e6aec4ad6bc47bfe033c52861ba9994968 (/home/yixunhu/codespace/cylindrical-dinov3/worklog/worklog_yixun/exp_14_data_curve_claude, tracked tree under ['scripts', 'configs'] clean; untracked allowed)
PASS kit launcher: /home/yixunhu/codespace/cylindrical-dinov3/worklog/worklog_yixun/exp_14_data_curve_claude/scripts/exp14_launch.sh == the executing script (00423f454d2f89928c1c8abe6b701187f24d029693f3e3eac5a1d7aba788b1e5)
27/27 checks PASSED
[dc f075] CMD mkdir:dc_cyl_f075 | mkdir -p /media/diskstation/yixunhu/FLAC/checkpoints/exp14_data_curve/dc_cyl_f075 | 2026-09-21T04:07:37-04:00
[dc f075] CMD contract:dc_cyl_f075 | python -m src.training.run_contract make-contract --run-dir /media/diskstation/yixunhu/FLAC/checkpoints/exp14_data_curve/dc_cyl_f075 --run-id dc_cyl_f075 --fraction 0.75 --dataset-config src/configs/dataset_configs/AR/train/acousticroom_train_frac075.json --split-json data/AR/train_frac075_s2026.json --model-config /home/yixunhu/codespace/cylindrical-dinov3/worklog/worklog_yixun/exp_14_data_curve_claude/configs/FLAC_AR_exp14_cylS.json --seed 42 --micro-batch 32 --num-gpus 2 --accum-batches 1 --sync-batchnorm true --flac-sha 6a4b8b08ce10527d538dc72965f1102b8c98861e --package-sha 79c5b876d3a604fb88bf78996ac95d7ca91bc3dd | 2026-09-21T04:07:37-04:00
/home/yixunhu/miniconda3/envs/flac/lib/python3.10/site-packages/lightning_fabric/__init__.py:40: pkg_resources is deprecated as an API. See https://setuptools.pypa.io/en/latest/pkg_resources.html. The pkg_resources package is slated for removal as early as 2025-11-30. Refrain from using this package or pin to Setuptools<81.
run contract for dc_cyl_f075 launched at 2026-09-21T08:07:41+00:00
/media/diskstation/yixunhu/FLAC/checkpoints/exp14_data_curve/dc_cyl_f075/run_contract.json
[dc f075] dc_cyl_f075: preflight OK — fresh start | 2026-09-21T04:07:42-04:00
[dc f075] CMD mkdir:dc_van_f075 | mkdir -p /media/diskstation/yixunhu/FLAC/checkpoints/exp14_data_curve/dc_van_f075 | 2026-09-21T04:07:42-04:00
[dc f075] CMD contract:dc_van_f075 | python -m src.training.run_contract make-contract --run-dir /media/diskstation/yixunhu/FLAC/checkpoints/exp14_data_curve/dc_van_f075 --run-id dc_van_f075 --fraction 0.75 --dataset-config src/configs/dataset_configs/AR/train/acousticroom_train_frac075.json --split-json data/AR/train_frac075_s2026.json --model-config /home/yixunhu/codespace/cylindrical-dinov3/worklog/worklog_yixun/exp_14_data_curve_claude/configs/FLAC_AR_exp14_vanS.json --seed 42 --micro-batch 32 --num-gpus 2 --accum-batches 1 --sync-batchnorm true --flac-sha 6a4b8b08ce10527d538dc72965f1102b8c98861e --package-sha 79c5b876d3a604fb88bf78996ac95d7ca91bc3dd | 2026-09-21T04:07:42-04:00
/home/yixunhu/miniconda3/envs/flac/lib/python3.10/site-packages/lightning_fabric/__init__.py:40: pkg_resources is deprecated as an API. See https://setuptools.pypa.io/en/latest/pkg_resources.html. The pkg_resources package is slated for removal as early as 2025-11-30. Refrain from using this package or pin to Setuptools<81.
run contract for dc_van_f075 launched at 2026-09-21T08:07:46+00:00
/media/diskstation/yixunhu/FLAC/checkpoints/exp14_data_curve/dc_van_f075/run_contract.json
[dc f075] dc_van_f075: preflight OK — fresh start | 2026-09-21T04:07:47-04:00
[dc f075] preflight complete: cyl=fresh van=fresh — starting training now | 2026-09-21T04:07:47-04:00
[dc f075] ARGV train:dc_cyl_f075 | python train.py --model-config /home/yixunhu/codespace/cylindrical-dinov3/worklog/worklog_yixun/exp_14_data_curve_claude/configs/FLAC_AR_exp14_cylS.json --dataset-config src/configs/dataset_configs/AR/train/acousticroom_train_frac075.json --pretransform-ckpt-path weights/FLAC/VAE.safetensors --max-steps 40000 --batch-size 32 --accum-batches 1 --num-workers 6 --seed 42 --num-gpus 2 --strategy ddp_find_unused_parameters_true --sync-batchnorm true --logger none --checkpoint-every 2500 --name dc_cyl_f075 --experiment-name dc_cyl_f075 --save-dir /media/diskstation/yixunhu/FLAC/checkpoints/exp14_data_curve/dc_cyl_f075 --run-contract-json /media/diskstation/yixunhu/FLAC/checkpoints/exp14_data_curve/dc_cyl_f075/run_contract.json | 2026-09-21T04:07:47-04:00
[dc f075] PID dc_cyl_f075 | 3835723 | 2026-09-21T04:07:47-04:00
[dc f075] RECORD dc_cyl_f075 | /home/yixunhu/codespace/exp-14-data-curve/worklog/worklog_yixun/exp_14_data_curve/at_launch_dc_cyl_f075_20260921T040724-3835324.txt | 2026-09-21T04:07:47-04:00
[dc f075] CMD record-copy:dc_cyl_f075 | cp /home/yixunhu/codespace/exp-14-data-curve/worklog/worklog_yixun/exp_14_data_curve/at_launch_dc_cyl_f075_20260921T040724-3835324.txt /media/diskstation/yixunhu/FLAC/checkpoints/exp14_data_curve/dc_cyl_f075/at_launch_dc_cyl_f075_20260921T040724-3835324.txt | 2026-09-21T04:07:47-04:00
[dc f075] ARGV train:dc_van_f075 | python train.py --model-config /home/yixunhu/codespace/cylindrical-dinov3/worklog/worklog_yixun/exp_14_data_curve_claude/configs/FLAC_AR_exp14_vanS.json --dataset-config src/configs/dataset_configs/AR/train/acousticroom_train_frac075.json --pretransform-ckpt-path weights/FLAC/VAE.safetensors --max-steps 40000 --batch-size 32 --accum-batches 1 --num-workers 6 --seed 42 --num-gpus 2 --strategy ddp_find_unused_parameters_true --sync-batchnorm true --logger none --checkpoint-every 2500 --name dc_van_f075 --experiment-name dc_van_f075 --save-dir /media/diskstation/yixunhu/FLAC/checkpoints/exp14_data_curve/dc_van_f075 --run-contract-json /media/diskstation/yixunhu/FLAC/checkpoints/exp14_data_curve/dc_van_f075/run_contract.json | 2026-09-21T04:07:47-04:00
[dc f075] PID dc_van_f075 | 3835754 | 2026-09-21T04:07:47-04:00
[dc f075] RECORD dc_van_f075 | /home/yixunhu/codespace/exp-14-data-curve/worklog/worklog_yixun/exp_14_data_curve/at_launch_dc_van_f075_20260921T040724-3835324.txt | 2026-09-21T04:07:47-04:00
[dc f075] CMD record-copy:dc_van_f075 | cp /home/yixunhu/codespace/exp-14-data-curve/worklog/worklog_yixun/exp_14_data_curve/at_launch_dc_van_f075_20260921T040724-3835324.txt /media/diskstation/yixunhu/FLAC/checkpoints/exp14_data_curve/dc_van_f075/at_launch_dc_van_f075_20260921T040724-3835324.txt | 2026-09-21T04:07:47-04:00
[dc f075] dc_cyl_f075: training pid 3835723 is gone | 2026-09-23T07:22:50-04:00
[dc f075] dc_van_f075: training pid 3835754 is gone | 2026-09-23T07:22:50-04:00
[dc f075] CMD validate:dc_cyl_f075 | python -m src.training.run_contract validate --ckpt /media/diskstation/yixunhu/FLAC/checkpoints/exp14_data_curve/dc_cyl_f075/epoch=11-step=40000.ckpt --contract /media/diskstation/yixunhu/FLAC/checkpoints/exp14_data_curve/dc_cyl_f075/run_contract.json --model-config /home/yixunhu/codespace/cylindrical-dinov3/worklog/worklog_yixun/exp_14_data_curve_claude/configs/FLAC_AR_exp14_cylS.json --expect-step 40000 | 2026-09-23T07:23:50-04:00
/home/yixunhu/miniconda3/envs/flac/lib/python3.10/site-packages/lightning_fabric/__init__.py:40: pkg_resources is deprecated as an API. See https://setuptools.pypa.io/en/latest/pkg_resources.html. The pkg_resources package is slated for removal as early as 2025-11-30. Refrain from using this package or pin to Setuptools<81.
OK /media/diskstation/yixunhu/FLAC/checkpoints/exp14_data_curve/dc_cyl_f075/epoch=11-step=40000.ckpt: run_id=dc_cyl_f075 step=40000
[dc f075] dc_cyl_f075: final checkpoint validated | /media/diskstation/yixunhu/FLAC/checkpoints/exp14_data_curve/dc_cyl_f075/epoch=11-step=40000.ckpt | 2026-09-23T07:24:01-04:00
[dc f075] CMD validate:dc_van_f075 | python -m src.training.run_contract validate --ckpt /media/diskstation/yixunhu/FLAC/checkpoints/exp14_data_curve/dc_van_f075/epoch=11-step=40000.ckpt --contract /media/diskstation/yixunhu/FLAC/checkpoints/exp14_data_curve/dc_van_f075/run_contract.json --model-config /home/yixunhu/codespace/cylindrical-dinov3/worklog/worklog_yixun/exp_14_data_curve_claude/configs/FLAC_AR_exp14_vanS.json --expect-step 40000 | 2026-09-23T07:25:01-04:00
/home/yixunhu/miniconda3/envs/flac/lib/python3.10/site-packages/lightning_fabric/__init__.py:40: pkg_resources is deprecated as an API. See https://setuptools.pypa.io/en/latest/pkg_resources.html. The pkg_resources package is slated for removal as early as 2025-11-30. Refrain from using this package or pin to Setuptools<81.
OK /media/diskstation/yixunhu/FLAC/checkpoints/exp14_data_curve/dc_van_f075/epoch=11-step=40000.ckpt: run_id=dc_van_f075 step=40000
[dc f075] dc_van_f075: final checkpoint validated | /media/diskstation/yixunhu/FLAC/checkpoints/exp14_data_curve/dc_van_f075/epoch=11-step=40000.ckpt | 2026-09-23T07:25:12-04:00
[dc f075] SHA256 dc_cyl_f075 | /media/diskstation/yixunhu/FLAC/checkpoints/exp14_data_curve/dc_cyl_f075/epoch=11-step=40000.ckpt | dbf307ba8dc4e70bcc922f29ad574aaa53310059ef38a053de88898929b002e3 | 2026-09-23T07:25:19-04:00
[dc f075] SHA256 dc_van_f075 | /media/diskstation/yixunhu/FLAC/checkpoints/exp14_data_curve/dc_van_f075/epoch=11-step=40000.ckpt | 3e103ba625921aa8dd9e7ca982085093f05a3c71a09f1c43932e898afb559dab | 2026-09-23T07:25:25-04:00
[dc f075] eval lanes | K=1 pid 406513 on GPU 0 | K=8 pid 406514 on GPU 1 | 2026-09-23T07:25:25-04:00
[dc f075] ARGV eval:dc_cyl_f075_K1_s42 | python eval_FLAC.py --model-config /home/yixunhu/codespace/cylindrical-dinov3/worklog/worklog_yixun/exp_14_data_curve_claude/configs/FLAC_AR_exp14_cylS.json --dataset-config src/configs/dataset_configs/AR/eval/acousticroom_unseeneval_1.json --ckpt-path /media/diskstation/yixunhu/FLAC/checkpoints/exp14_data_curve/dc_cyl_f075/epoch=11-step=40000.ckpt --cond-method fa_invariant --frame-avg-angles 0 --rotate-deg 0 --cond-autocast bf16 --seed 42 --steps 1 --cfg-scale 1.0 --eval-name dc_cyl_f075_K1_s42 --expect-ckpt-sha256 dbf307ba8dc4e70bcc922f29ad574aaa53310059ef38a053de88898929b002e3 --store_predictions | 2026-09-23T07:25:28-04:00
[dc f075] ARGV eval:dc_cyl_f075_K8_s42 | python eval_FLAC.py --model-config /home/yixunhu/codespace/cylindrical-dinov3/worklog/worklog_yixun/exp_14_data_curve_claude/configs/FLAC_AR_exp14_cylS.json --dataset-config src/configs/dataset_configs/AR/eval/acousticroom_unseeneval.json --ckpt-path /media/diskstation/yixunhu/FLAC/checkpoints/exp14_data_curve/dc_cyl_f075/epoch=11-step=40000.ckpt --cond-method fa_invariant --frame-avg-angles 0 --rotate-deg 0 --cond-autocast bf16 --seed 42 --steps 1 --cfg-scale 1.0 --eval-name dc_cyl_f075_K8_s42 --expect-ckpt-sha256 dbf307ba8dc4e70bcc922f29ad574aaa53310059ef38a053de88898929b002e3 --store_predictions | 2026-09-23T07:25:28-04:00
[dc f075] cell dc_cyl_f075_K1_s42: done | 2026-09-23T07:36:03-04:00
[dc f075] ARGV eval:dc_van_f075_K1_s42 | python eval_FLAC.py --model-config /home/yixunhu/codespace/cylindrical-dinov3/worklog/worklog_yixun/exp_14_data_curve_claude/configs/FLAC_AR_exp14_vanS.json --dataset-config src/configs/dataset_configs/AR/eval/acousticroom_unseeneval_1.json --ckpt-path /media/diskstation/yixunhu/FLAC/checkpoints/exp14_data_curve/dc_van_f075/epoch=11-step=40000.ckpt --cond-method vanilla --frame-avg-angles 0 --rotate-deg 0 --cond-autocast bf16 --seed 42 --steps 1 --cfg-scale 1.0 --eval-name dc_van_f075_K1_s42 --expect-ckpt-sha256 3e103ba625921aa8dd9e7ca982085093f05a3c71a09f1c43932e898afb559dab --store_predictions | 2026-09-23T07:36:05-04:00
[dc f075] cell dc_cyl_f075_K8_s42: done | 2026-09-23T07:39:19-04:00
[dc f075] ARGV eval:dc_van_f075_K8_s42 | python eval_FLAC.py --model-config /home/yixunhu/codespace/cylindrical-dinov3/worklog/worklog_yixun/exp_14_data_curve_claude/configs/FLAC_AR_exp14_vanS.json --dataset-config src/configs/dataset_configs/AR/eval/acousticroom_unseeneval.json --ckpt-path /media/diskstation/yixunhu/FLAC/checkpoints/exp14_data_curve/dc_van_f075/epoch=11-step=40000.ckpt --cond-method vanilla --frame-avg-angles 0 --rotate-deg 0 --cond-autocast bf16 --seed 42 --steps 1 --cfg-scale 1.0 --eval-name dc_van_f075_K8_s42 --expect-ckpt-sha256 3e103ba625921aa8dd9e7ca982085093f05a3c71a09f1c43932e898afb559dab --store_predictions | 2026-09-23T07:39:22-04:00
[dc f075] cell dc_van_f075_K1_s42: done | 2026-09-23T07:46:20-04:00
[dc f075] ARGV eval:dc_cyl_f075_K1_s43 | python eval_FLAC.py --model-config /home/yixunhu/codespace/cylindrical-dinov3/worklog/worklog_yixun/exp_14_data_curve_claude/configs/FLAC_AR_exp14_cylS.json --dataset-config src/configs/dataset_configs/AR/eval/acousticroom_unseeneval_1.json --ckpt-path /media/diskstation/yixunhu/FLAC/checkpoints/exp14_data_curve/dc_cyl_f075/epoch=11-step=40000.ckpt --cond-method fa_invariant --frame-avg-angles 0 --rotate-deg 0 --cond-autocast bf16 --seed 43 --steps 1 --cfg-scale 1.0 --eval-name dc_cyl_f075_K1_s43 --expect-ckpt-sha256 dbf307ba8dc4e70bcc922f29ad574aaa53310059ef38a053de88898929b002e3 --store_predictions | 2026-09-23T07:46:22-04:00
[dc f075] cell dc_van_f075_K8_s42: done | 2026-09-23T07:51:31-04:00
[dc f075] ARGV eval:dc_cyl_f075_K8_s43 | python eval_FLAC.py --model-config /home/yixunhu/codespace/cylindrical-dinov3/worklog/worklog_yixun/exp_14_data_curve_claude/configs/FLAC_AR_exp14_cylS.json --dataset-config src/configs/dataset_configs/AR/eval/acousticroom_unseeneval.json --ckpt-path /media/diskstation/yixunhu/FLAC/checkpoints/exp14_data_curve/dc_cyl_f075/epoch=11-step=40000.ckpt --cond-method fa_invariant --frame-avg-angles 0 --rotate-deg 0 --cond-autocast bf16 --seed 43 --steps 1 --cfg-scale 1.0 --eval-name dc_cyl_f075_K8_s43 --expect-ckpt-sha256 dbf307ba8dc4e70bcc922f29ad574aaa53310059ef38a053de88898929b002e3 --store_predictions | 2026-09-23T07:51:34-04:00
[dc f075] cell dc_cyl_f075_K1_s43: done | 2026-09-23T07:55:52-04:00
[dc f075] ARGV eval:dc_van_f075_K1_s43 | python eval_FLAC.py --model-config /home/yixunhu/codespace/cylindrical-dinov3/worklog/worklog_yixun/exp_14_data_curve_claude/configs/FLAC_AR_exp14_vanS.json --dataset-config src/configs/dataset_configs/AR/eval/acousticroom_unseeneval_1.json --ckpt-path /media/diskstation/yixunhu/FLAC/checkpoints/exp14_data_curve/dc_van_f075/epoch=11-step=40000.ckpt --cond-method vanilla --frame-avg-angles 0 --rotate-deg 0 --cond-autocast bf16 --seed 43 --steps 1 --cfg-scale 1.0 --eval-name dc_van_f075_K1_s43 --expect-ckpt-sha256 3e103ba625921aa8dd9e7ca982085093f05a3c71a09f1c43932e898afb559dab --store_predictions | 2026-09-23T07:55:54-04:00
[dc f075] cell dc_cyl_f075_K8_s43: done | 2026-09-23T08:01:38-04:00
[dc f075] ARGV eval:dc_van_f075_K8_s43 | python eval_FLAC.py --model-config /home/yixunhu/codespace/cylindrical-dinov3/worklog/worklog_yixun/exp_14_data_curve_claude/configs/FLAC_AR_exp14_vanS.json --dataset-config src/configs/dataset_configs/AR/eval/acousticroom_unseeneval.json --ckpt-path /media/diskstation/yixunhu/FLAC/checkpoints/exp14_data_curve/dc_van_f075/epoch=11-step=40000.ckpt --cond-method vanilla --frame-avg-angles 0 --rotate-deg 0 --cond-autocast bf16 --seed 43 --steps 1 --cfg-scale 1.0 --eval-name dc_van_f075_K8_s43 --expect-ckpt-sha256 3e103ba625921aa8dd9e7ca982085093f05a3c71a09f1c43932e898afb559dab --store_predictions | 2026-09-23T08:01:41-04:00
[dc f075] cell dc_van_f075_K1_s43: done | 2026-09-23T08:02:53-04:00
[dc f075] ARGV eval:dc_cyl_f075_K1_s44 | python eval_FLAC.py --model-config /home/yixunhu/codespace/cylindrical-dinov3/worklog/worklog_yixun/exp_14_data_curve_claude/configs/FLAC_AR_exp14_cylS.json --dataset-config src/configs/dataset_configs/AR/eval/acousticroom_unseeneval_1.json --ckpt-path /media/diskstation/yixunhu/FLAC/checkpoints/exp14_data_curve/dc_cyl_f075/epoch=11-step=40000.ckpt --cond-method fa_invariant --frame-avg-angles 0 --rotate-deg 0 --cond-autocast bf16 --seed 44 --steps 1 --cfg-scale 1.0 --eval-name dc_cyl_f075_K1_s44 --expect-ckpt-sha256 dbf307ba8dc4e70bcc922f29ad574aaa53310059ef38a053de88898929b002e3 --store_predictions | 2026-09-23T08:02:56-04:00
[dc f075] cell dc_van_f075_K8_s43: done | 2026-09-23T08:09:28-04:00
[dc f075] ARGV eval:dc_cyl_f075_K8_s44 | python eval_FLAC.py --model-config /home/yixunhu/codespace/cylindrical-dinov3/worklog/worklog_yixun/exp_14_data_curve_claude/configs/FLAC_AR_exp14_cylS.json --dataset-config src/configs/dataset_configs/AR/eval/acousticroom_unseeneval.json --ckpt-path /media/diskstation/yixunhu/FLAC/checkpoints/exp14_data_curve/dc_cyl_f075/epoch=11-step=40000.ckpt --cond-method fa_invariant --frame-avg-angles 0 --rotate-deg 0 --cond-autocast bf16 --seed 44 --steps 1 --cfg-scale 1.0 --eval-name dc_cyl_f075_K8_s44 --expect-ckpt-sha256 dbf307ba8dc4e70bcc922f29ad574aaa53310059ef38a053de88898929b002e3 --store_predictions | 2026-09-23T08:09:30-04:00
[dc f075] cell dc_cyl_f075_K1_s44: done | 2026-09-23T08:10:00-04:00
[dc f075] ARGV eval:dc_van_f075_K1_s44 | python eval_FLAC.py --model-config /home/yixunhu/codespace/cylindrical-dinov3/worklog/worklog_yixun/exp_14_data_curve_claude/configs/FLAC_AR_exp14_vanS.json --dataset-config src/configs/dataset_configs/AR/eval/acousticroom_unseeneval_1.json --ckpt-path /media/diskstation/yixunhu/FLAC/checkpoints/exp14_data_curve/dc_van_f075/epoch=11-step=40000.ckpt --cond-method vanilla --frame-avg-angles 0 --rotate-deg 0 --cond-autocast bf16 --seed 44 --steps 1 --cfg-scale 1.0 --eval-name dc_van_f075_K1_s44 --expect-ckpt-sha256 3e103ba625921aa8dd9e7ca982085093f05a3c71a09f1c43932e898afb559dab --store_predictions | 2026-09-23T08:10:03-04:00
[dc f075] cell dc_van_f075_K1_s44: done | 2026-09-23T08:16:55-04:00
[dc f075] ARGV eval:dc_cyl_f075_K1_s45 | python eval_FLAC.py --model-config /home/yixunhu/codespace/cylindrical-dinov3/worklog/worklog_yixun/exp_14_data_curve_claude/configs/FLAC_AR_exp14_cylS.json --dataset-config src/configs/dataset_configs/AR/eval/acousticroom_unseeneval_1.json --ckpt-path /media/diskstation/yixunhu/FLAC/checkpoints/exp14_data_curve/dc_cyl_f075/epoch=11-step=40000.ckpt --cond-method fa_invariant --frame-avg-angles 0 --rotate-deg 0 --cond-autocast bf16 --seed 45 --steps 1 --cfg-scale 1.0 --eval-name dc_cyl_f075_K1_s45 --expect-ckpt-sha256 dbf307ba8dc4e70bcc922f29ad574aaa53310059ef38a053de88898929b002e3 --store_predictions | 2026-09-23T08:16:58-04:00
[dc f075] cell dc_cyl_f075_K8_s44: done | 2026-09-23T08:18:00-04:00
[dc f075] ARGV eval:dc_van_f075_K8_s44 | python eval_FLAC.py --model-config /home/yixunhu/codespace/cylindrical-dinov3/worklog/worklog_yixun/exp_14_data_curve_claude/configs/FLAC_AR_exp14_vanS.json --dataset-config src/configs/dataset_configs/AR/eval/acousticroom_unseeneval.json --ckpt-path /media/diskstation/yixunhu/FLAC/checkpoints/exp14_data_curve/dc_van_f075/epoch=11-step=40000.ckpt --cond-method vanilla --frame-avg-angles 0 --rotate-deg 0 --cond-autocast bf16 --seed 44 --steps 1 --cfg-scale 1.0 --eval-name dc_van_f075_K8_s44 --expect-ckpt-sha256 3e103ba625921aa8dd9e7ca982085093f05a3c71a09f1c43932e898afb559dab --store_predictions | 2026-09-23T08:18:03-04:00
[dc f075] cell dc_cyl_f075_K1_s45: done | 2026-09-23T08:23:59-04:00
[dc f075] ARGV eval:dc_van_f075_K1_s45 | python eval_FLAC.py --model-config /home/yixunhu/codespace/cylindrical-dinov3/worklog/worklog_yixun/exp_14_data_curve_claude/configs/FLAC_AR_exp14_vanS.json --dataset-config src/configs/dataset_configs/AR/eval/acousticroom_unseeneval_1.json --ckpt-path /media/diskstation/yixunhu/FLAC/checkpoints/exp14_data_curve/dc_van_f075/epoch=11-step=40000.ckpt --cond-method vanilla --frame-avg-angles 0 --rotate-deg 0 --cond-autocast bf16 --seed 45 --steps 1 --cfg-scale 1.0 --eval-name dc_van_f075_K1_s45 --expect-ckpt-sha256 3e103ba625921aa8dd9e7ca982085093f05a3c71a09f1c43932e898afb559dab --store_predictions | 2026-09-23T08:24:02-04:00
[dc f075] cell dc_van_f075_K8_s44: done | 2026-09-23T08:25:52-04:00
[dc f075] ARGV eval:dc_cyl_f075_K8_s45 | python eval_FLAC.py --model-config /home/yixunhu/codespace/cylindrical-dinov3/worklog/worklog_yixun/exp_14_data_curve_claude/configs/FLAC_AR_exp14_cylS.json --dataset-config src/configs/dataset_configs/AR/eval/acousticroom_unseeneval.json --ckpt-path /media/diskstation/yixunhu/FLAC/checkpoints/exp14_data_curve/dc_cyl_f075/epoch=11-step=40000.ckpt --cond-method fa_invariant --frame-avg-angles 0 --rotate-deg 0 --cond-autocast bf16 --seed 45 --steps 1 --cfg-scale 1.0 --eval-name dc_cyl_f075_K8_s45 --expect-ckpt-sha256 dbf307ba8dc4e70bcc922f29ad574aaa53310059ef38a053de88898929b002e3 --store_predictions | 2026-09-23T08:25:55-04:00
[dc f075] cell dc_van_f075_K1_s45: done | 2026-09-23T08:30:52-04:00
[dc f075] ARGV eval:dc_cyl_f075_K1_s46 | python eval_FLAC.py --model-config /home/yixunhu/codespace/cylindrical-dinov3/worklog/worklog_yixun/exp_14_data_curve_claude/configs/FLAC_AR_exp14_cylS.json --dataset-config src/configs/dataset_configs/AR/eval/acousticroom_unseeneval_1.json --ckpt-path /media/diskstation/yixunhu/FLAC/checkpoints/exp14_data_curve/dc_cyl_f075/epoch=11-step=40000.ckpt --cond-method fa_invariant --frame-avg-angles 0 --rotate-deg 0 --cond-autocast bf16 --seed 46 --steps 1 --cfg-scale 1.0 --eval-name dc_cyl_f075_K1_s46 --expect-ckpt-sha256 dbf307ba8dc4e70bcc922f29ad574aaa53310059ef38a053de88898929b002e3 --store_predictions | 2026-09-23T08:30:54-04:00
[dc f075] cell dc_cyl_f075_K8_s45: done | 2026-09-23T08:34:26-04:00
[dc f075] ARGV eval:dc_van_f075_K8_s45 | python eval_FLAC.py --model-config /home/yixunhu/codespace/cylindrical-dinov3/worklog/worklog_yixun/exp_14_data_curve_claude/configs/FLAC_AR_exp14_vanS.json --dataset-config src/configs/dataset_configs/AR/eval/acousticroom_unseeneval.json --ckpt-path /media/diskstation/yixunhu/FLAC/checkpoints/exp14_data_curve/dc_van_f075/epoch=11-step=40000.ckpt --cond-method vanilla --frame-avg-angles 0 --rotate-deg 0 --cond-autocast bf16 --seed 45 --steps 1 --cfg-scale 1.0 --eval-name dc_van_f075_K8_s45 --expect-ckpt-sha256 3e103ba625921aa8dd9e7ca982085093f05a3c71a09f1c43932e898afb559dab --store_predictions | 2026-09-23T08:34:29-04:00
[dc f075] cell dc_cyl_f075_K1_s46: done | 2026-09-23T08:38:00-04:00
[dc f075] ARGV eval:dc_van_f075_K1_s46 | python eval_FLAC.py --model-config /home/yixunhu/codespace/cylindrical-dinov3/worklog/worklog_yixun/exp_14_data_curve_claude/configs/FLAC_AR_exp14_vanS.json --dataset-config src/configs/dataset_configs/AR/eval/acousticroom_unseeneval_1.json --ckpt-path /media/diskstation/yixunhu/FLAC/checkpoints/exp14_data_curve/dc_van_f075/epoch=11-step=40000.ckpt --cond-method vanilla --frame-avg-angles 0 --rotate-deg 0 --cond-autocast bf16 --seed 46 --steps 1 --cfg-scale 1.0 --eval-name dc_van_f075_K1_s46 --expect-ckpt-sha256 3e103ba625921aa8dd9e7ca982085093f05a3c71a09f1c43932e898afb559dab --store_predictions | 2026-09-23T08:38:03-04:00
[dc f075] cell dc_van_f075_K8_s45: done | 2026-09-23T08:42:23-04:00
[dc f075] ARGV eval:dc_cyl_f075_K8_s46 | python eval_FLAC.py --model-config /home/yixunhu/codespace/cylindrical-dinov3/worklog/worklog_yixun/exp_14_data_curve_claude/configs/FLAC_AR_exp14_cylS.json --dataset-config src/configs/dataset_configs/AR/eval/acousticroom_unseeneval.json --ckpt-path /media/diskstation/yixunhu/FLAC/checkpoints/exp14_data_curve/dc_cyl_f075/epoch=11-step=40000.ckpt --cond-method fa_invariant --frame-avg-angles 0 --rotate-deg 0 --cond-autocast bf16 --seed 46 --steps 1 --cfg-scale 1.0 --eval-name dc_cyl_f075_K8_s46 --expect-ckpt-sha256 dbf307ba8dc4e70bcc922f29ad574aaa53310059ef38a053de88898929b002e3 --store_predictions | 2026-09-23T08:42:26-04:00
[dc f075] cell dc_van_f075_K1_s46: done | 2026-09-23T08:44:57-04:00
[dc f075] cell dc_cyl_f075_K8_s46: done | 2026-09-23T08:50:53-04:00
[dc f075] ARGV eval:dc_van_f075_K8_s46 | python eval_FLAC.py --model-config /home/yixunhu/codespace/cylindrical-dinov3/worklog/worklog_yixun/exp_14_data_curve_claude/configs/FLAC_AR_exp14_vanS.json --dataset-config src/configs/dataset_configs/AR/eval/acousticroom_unseeneval.json --ckpt-path /media/diskstation/yixunhu/FLAC/checkpoints/exp14_data_curve/dc_van_f075/epoch=11-step=40000.ckpt --cond-method vanilla --frame-avg-angles 0 --rotate-deg 0 --cond-autocast bf16 --seed 46 --steps 1 --cfg-scale 1.0 --eval-name dc_van_f075_K8_s46 --expect-ckpt-sha256 3e103ba625921aa8dd9e7ca982085093f05a3c71a09f1c43932e898afb559dab --store_predictions | 2026-09-23T08:50:56-04:00
[dc f075] cell dc_van_f075_K8_s46: done | 2026-09-23T08:58:35-04:00
[dc f075] final enumeration: 20/20 planned cells validated | 2026-09-23T09:03:11-04:00
[dc f075] summary: /home/yixunhu/codespace/exp-14-data-curve/worklog/worklog_yixun/exp_14_data_curve/data_curve_launch_summary_f075_20260921T040724-3835324.json | 2026-09-23T09:03:11-04:00
[dc f075] PAIR f075 COMPLETE — dc_cyl_f075 + dc_van_f075 trained, validated and evaluated | 2026-09-23T09:03:11-04:00
